A
a (A) c

B (B) b
a (C) C

D (D) c

a (E) E

a (F) e

a (G) e

a ( b ) H (H) d

a (I) c
I " this must be the last pair test

